************************************
*		HEADER DESCRIPTION		   *
************************************
Customer: epic Cyprus
Batch: 2028
Quantity: 5
Type: SIM
Profile: 05.00
*
Transport_key: 001
*
GRAPH_REF: 5.0
*
Address1: epic Cyprus
Address2: KENNEDY CENTRAL
Address3: 87 Kennedy Avenue
Address4: Nicosia 1077,CYPRUS
Address5: POSTAL CODE Nicosia CY 1662
*
Artwork: gomo.01
SPN Value: GOMO
*
PO_Ref_Number: Test20220420
*
**************************************
*		INPUT VARIABLES			     *
**************************************
Var_In_List:
    ICCID: 893574330522040002
    IMSI: 280101334040002
**************************************
*		OUTPUT VARIABLES		     *
**************************************
var_out: ICCID/IMSI/PIN1/PUK1/PIN2/PUK2/ADM1/ACC_CONTROL/KI
8935743305220400026F 280101334040002 3629 42659463 3907 72881346 86743E18163E17E8 0004 360BBC5267FA85FB0B15385B5615784A
8935743305220400034F 280101334040003 9621 67992751 8714 13134252 A73B54820BADA3DD 0008 5028E185AEE3EEAC4DAAD22EF9A25A3A
8935743305220400042F 280101334040004 2841 81726624 9563 87141280 84964FE1CF30ABC2 0010 28FA8A492081CBF13D05B10BC75B4D0B
8935743305220400059F 280101334040005 9009 07028008 1486 36453644 782321178B0668E4 0020 A71100D8A2202CDFF92D5B14B5BF30E5
8935743305220400067F 280101334040006 9469 05597558 2608 65242522 C9CC70CCE292E3C3 0040 8830F5E0040150689C0350EC0B935519