* Header Section
Customer : Monaco Telecom
Quantity : 2
Type : eSIM
Profile : 0E.00
Batch : 000xx
Transport_key : 001


VAR_IN_LIST :
IMSI : 212103300074031
IMSI2 : 208011502994031
Ser_nb : 893771099000074031


VAR_OUT : PUK1/PUK2/ADM1/KI/KOTA_KIC/KOTA_KID/KOTA_KIK/SALT
8937710330000340288 212103300034028 208011502954028 36983119 14230460 703537E0230A0F6E482D9812D58B8228 225C77B76E855D25ADABDD2CDD280DBF F84A285ECFBF3EE0D1AE5B19918F0223 0835B39E1FAF408B3857EDD2DAB8338F 2ED6F8118C2160373EBAF99CDBEB55C0 BCEB92ACD3E2CCC72FB4ADDD258AD981
8937710330000340296 212103300034029 208011502954029 82089119 74593044 71D7CB4C9970E3E23F67338E20CF6179 2802BA0B235470FF52AFBECE21610390 CFBB662899EFB001EEECF8134C1FCA8B 104D56442868DBDBFA666E0A47B1701A F637FABE43126754A5C9212371FD54E6 BCEB92ACD3E2CCC72FB4ADDD258AD983